<html>
<body>
<pre>
<h1>µVision Build Log</h1>
<h2>Tool Versions:</h2>
IDE-Version: µVision V5.31.0.0
Copyright (C) 2020 ARM Ltd and ARM Germany GmbH. All rights reserved.
License Information: le huy, hust, LIC=ZB4EI-T30T4-Y84FK-ZE6HG-D5AIE-39THQ
 
Tool Versions:
Toolchain:       MDK-ARM Plus  Version: 5.31.0.0
Toolchain Path:  C:\Keil_v5\ARM\ARMCC\Bin
C Compiler:      Armcc.exe V5.06 update 6 (build 750)
Assembler:       Armasm.exe V5.06 update 6 (build 750)
Linker/Locator:  ArmLink.exe V5.06 update 6 (build 750)
Library Manager: ArmAr.exe V5.06 update 6 (build 750)
Hex Converter:   FromElf.exe V5.06 update 6 (build 750)
CPU DLL:         SARMCM3.DLL V5.31.0.0
Dialog DLL:      DCM.DLL V1.17.3.0
Target DLL:      STLink\ST-LINKIII-KEIL_SWO.dll V3.0.7.0
Dialog DLL:      TCM.DLL V1.46.0.0
 
<h2>Project:</h2>
F:\ES\BTL\Config\MDK-ARM\Config.uvprojx
Project File Date:  07/19/2022

<h2>Output:</h2>
*** Using Compiler 'V5.06 update 6 (build 750)', folder: 'C:\Keil_v5\ARM\ARMCC\Bin'
Rebuild target 'Config'
assembling startup_stm32f103x6.s...
compiling stm32f1xx_hal_msp.c...
compiling main.c...
../Core/Src/main.c(129): warning:  #188-D: enumerated type mixed with another type
  	HAL_GPIO_WritePin(DSC_STATE_GPIO_Port, DSC_STATE_Pin, 1);
../Core/Src/main.c(130): warning:  #188-D: enumerated type mixed with another type
  	HAL_GPIO_WritePin(IS_STEERING_GPIO_Port, IS_STEERING_Pin, 1);
../Core/Src/main.c(159): warning:  #188-D: enumerated type mixed with another type
  		HAL_GPIO_WritePin(DSC_STATE_GPIO_Port, DSC_STATE_Pin, 0);
../Core/Src/main.c(181): warning:  #188-D: enumerated type mixed with another type
  					HAL_GPIO_WritePin(IS_STEERING_GPIO_Port, IS_STEERING_Pin, 0);
../Core/Src/main.c(192): warning:  #188-D: enumerated type mixed with another type
  					HAL_GPIO_WritePin(IS_STEERING_GPIO_Port, IS_STEERING_Pin, 0);
../Core/Src/main.c(203): warning:  #188-D: enumerated type mixed with another type
  					HAL_GPIO_WritePin(IS_STEERING_GPIO_Port, IS_STEERING_Pin, 1);
../Core/Src/main.c(216): warning:  #188-D: enumerated type mixed with another type
  					HAL_GPIO_WritePin(IS_STEERING_GPIO_Port, IS_STEERING_Pin, 0);
../Core/Src/main.c(227): warning:  #188-D: enumerated type mixed with another type
  					HAL_GPIO_WritePin(IS_STEERING_GPIO_Port, IS_STEERING_Pin, 0);
../Core/Src/main.c(238): warning:  #188-D: enumerated type mixed with another type
  					HAL_GPIO_WritePin(IS_STEERING_GPIO_Port, IS_STEERING_Pin, 1);
../Core/Src/main.c(251): warning:  #188-D: enumerated type mixed with another type
  			HAL_GPIO_WritePin(IS_STEERING_GPIO_Port, IS_STEERING_Pin, 1);
../Core/Src/main.c(103): warning:  #177-D: variable "DSC_STATE"  was declared but never referenced
  	uint8_t DSC_STATE;
../Core/Src/main.c(322): warning:  #177-D: variable "sConfig"  was declared but never referenced
    ADC_ChannelConfTypeDef sConfig = {0};
../Core/Src/main.c: 12 warnings, 0 errors
compiling lcd_16x2.c...
..\Core\Src\lcd_16x2.c(49): warning:  #223-D: function "sprintf" declared implicitly
  	sprintf(buffer, "%d", number);
..\Core\Src\lcd_16x2.c: 1 warning, 0 errors
compiling stm32f1xx_hal_gpio_ex.c...
compiling stm32f1xx_it.c...
compiling stm32f1xx_hal_adc_ex.c...
compiling stm32f1xx_hal_adc.c...
compiling stm32f1xx_hal.c...
compiling stm32f1xx_hal_flash.c...
compiling stm32f1xx_hal_dma.c...
compiling stm32f1xx_hal_rcc.c...
compiling stm32f1xx_hal_cortex.c...
compiling stm32f1xx_hal_pwr.c...
compiling stm32f1xx_hal_gpio.c...
compiling stm32f1xx_hal_rcc_ex.c...
compiling system_stm32f1xx.c...
compiling stm32f1xx_hal_tim_ex.c...
compiling stm32f1xx_hal_exti.c...
compiling stm32f1xx_hal_flash_ex.c...
compiling stm32f1xx_hal_tim.c...
linking...
Program Size: Code=7624 RO-data=292 RW-data=40 ZI-data=1752  
FromELF: creating hex file...
"Config\Config.axf" - 0 Error(s), 13 Warning(s).

<h2>Software Packages used:</h2>

Package Vendor: ARM
                http://www.keil.com/pack/ARM.CMSIS.5.7.0.pack
                ARM.CMSIS.5.7.0
                CMSIS (Cortex Microcontroller Software Interface Standard)
   * Component: CORE Version: 5.4.0

Package Vendor: Keil
                http://www.keil.com/pack/Keil.STM32F1xx_DFP.2.4.0.pack
                Keil.STM32F1xx_DFP.2.4.0
                STMicroelectronics STM32F1 Series Device Support, Drivers and Examples

<h2>Collection of Component include folders:</h2>
  .\RTE\_Config
  C:\Users\huyl1\AppData\Local\Arm\Packs\ARM\CMSIS\5.7.0\CMSIS\Core\Include
  C:\Users\huyl1\AppData\Local\Arm\Packs\Keil\STM32F1xx_DFP\2.4.0\Device\Include

<h2>Collection of Component Files used:</h2>

   * Component: ARM::CMSIS:CORE:5.4.0
      Include file:  CMSIS\Core\Include\tz_context.h
Build Time Elapsed:  00:00:10
</pre>
</body>
</html>
